// Jest Snapshot v1, https://goo.gl/fbAQLP

exports[`should render CardList component 1`] = `
"<div>
  <Card name=\\"John Snow\\" email=\\"john@gmail.com\\" id={1} />
</div>"
`;
